[     594ms] [INFO] %cDownload the React DevTools for a better development experience: https://react.dev/link/react-devtools font-weight:bold @ http://localhost:3000/node_modules/.vite/deps/react-dom_client.js?v=98b08dd3:14337
[     822ms] [ERROR] Failed to load resource: the server responded with a status of 404 (Not Found) @ http://localhost:3000/favicon.ico:0
[  800891ms] [ERROR] [vite] SyntaxError: The requested module '/app/data/media.ts?t=1785586274050' does not provide an export named 'resolveSiteMedia' @ http://localhost:3000/@vite/client:904
[  800898ms] [ERROR] [vite] Failed to reload /app/components/media/MediaDesk.tsx. This could be due to syntax errors or importing non-existent modules. (see errors above) @ http://localhost:3000/@vite/client:904
[  800901ms] [ERROR] [vite] SyntaxError: The requested module '/app/data/media.ts?t=1785586274050' does not provide an export named 'resolveSiteMedia' @ http://localhost:3000/@vite/client:904
[  800902ms] [ERROR] [vite] Failed to reload /app/components/media/MediaDesk.tsx. This could be due to syntax errors or importing non-existent modules. (see errors above) @ http://localhost:3000/@vite/client:904
[  801156ms] [ERROR] SyntaxError: The requested module '/app/data/media.ts?t=1785586274050' does not provide an export named 'resolveSiteMedia' @ http://localhost:3000/node_modules/vinext/dist/server/dev-error-overlay.js?v=0cd40cd0:51
[  801157ms] [ERROR] The above error occurred in a React component:

    at AdminMediaPage [Server] (<anonymous>)
    at AwaitAppRenderDependencies [Server] (<anonymous>)
    at Slot (http://localhost:3000/node_modules/vinext/dist/shims/slot.js?v=0cd40cd0:42:17)
    at LayoutSegmentProvider (http://localhost:3000/node_modules/vinext/dist/shims/layout-segment-context.js?v=0cd40cd0:32:34)
    at RedirectErrorBoundary (http://localhost:3000/node_modules/vinext/dist/shims/error-boundary.js?v=0cd40cd0:56:3)
    at RedirectBoundary (http://localhost:3000/node_modules/vinext/dist/shims/error-boundary.js?v=0cd40cd0:86:29)
    at Children (http://localhost:3000/node_modules/vinext/dist/shims/slot.js?v=0cd40cd0:64:17)
    at body (<anonymous>)
    at html (<anonymous>)
    at RootLayout [Server] (<anonymous>)
    at default (about://React/Server/file:///Users/samz/Documents/GitHub/outside-inmates/app/layout.tsx?1:65:26)
    at default (about://React/Server/file:///Users/samz/Documents/GitHub/outside-inmates/app/layout.tsx?1:65:26)
    at Slot (http://localhost:3000/node_modules/vinext/dist/shims/slot.js?v=0cd40cd0:42:17)
    at LayoutSegmentProvider (http://localhost:3000/node_modules/vinext/dist/shims/layout-segment-context.js?v=0cd40cd0:32:34)
    at Slot (http://localhost:3000/node_modules/vinext/dist/shims/slot.js?v=0cd40cd0:42:17)
    at NavigationCommitSignal (http://localhost:3000/node_modules/vinext/dist/server/app-browser-navigation-controller.js?v=0cd40cd0:184:36)
    at RedirectErrorBoundary (http://localhost:3000/node_modules/vinext/dist/shims/error-boundary.js?v=0cd40cd0:56:3)
    at RedirectBoundary (http://localhost:3000/node_modules/vinext/dist/shims/error-boundary.js?v=0cd40cd0:86:29)
    at DevRecoveryBoundary (http://localhost:3000/node_modules/vinext/dist/shims/error-boundary.js?v=0cd40cd0:268:3)
    at BrowserRoot (http://localhost:3000/node_modules/vinext/dist/server/app-browser-entry.js?v=0cd40cd0:209:24) @ http://localhost:3000/node_modules/vinext/dist/server/dev-error-overlay.js?v=0cd40cd0:52
[ 1019928ms] [ERROR] SyntaxError: The requested module '/app/data/media.ts?t=1785586274050' does not provide an export named 'resolveSiteMedia' @ http://localhost:3000/node_modules/vinext/dist/server/dev-error-overlay.js?v=0cd40cd0:51
[ 1019929ms] [ERROR] The above error occurred in a React component:

    at AdminMediaPage [Server] (<anonymous>)
    at AwaitAppRenderDependencies [Server] (<anonymous>)
    at Slot (http://localhost:3000/node_modules/vinext/dist/shims/slot.js?v=0cd40cd0:42:17)
    at LayoutSegmentProvider (http://localhost:3000/node_modules/vinext/dist/shims/layout-segment-context.js?v=0cd40cd0:32:34)
    at RedirectErrorBoundary (http://localhost:3000/node_modules/vinext/dist/shims/error-boundary.js?v=0cd40cd0:56:3)
    at RedirectBoundary (http://localhost:3000/node_modules/vinext/dist/shims/error-boundary.js?v=0cd40cd0:86:29)
    at Children (http://localhost:3000/node_modules/vinext/dist/shims/slot.js?v=0cd40cd0:64:17)
    at body (<anonymous>)
    at html (<anonymous>)
    at RootLayout [Server] (<anonymous>)
    at default (about://React/Server/file:///Users/samz/Documents/GitHub/outside-inmates/app/layout.tsx?1:65:26)
    at default (about://React/Server/file:///Users/samz/Documents/GitHub/outside-inmates/app/layout.tsx?1:65:26)
    at Slot (http://localhost:3000/node_modules/vinext/dist/shims/slot.js?v=0cd40cd0:42:17)
    at LayoutSegmentProvider (http://localhost:3000/node_modules/vinext/dist/shims/layout-segment-context.js?v=0cd40cd0:32:34)
    at Slot (http://localhost:3000/node_modules/vinext/dist/shims/slot.js?v=0cd40cd0:42:17)
    at NavigationCommitSignal (http://localhost:3000/node_modules/vinext/dist/server/app-browser-navigation-controller.js?v=0cd40cd0:184:36)
    at RedirectErrorBoundary (http://localhost:3000/node_modules/vinext/dist/shims/error-boundary.js?v=0cd40cd0:56:3)
    at RedirectBoundary (http://localhost:3000/node_modules/vinext/dist/shims/error-boundary.js?v=0cd40cd0:86:29)
    at DevRecoveryBoundary (http://localhost:3000/node_modules/vinext/dist/shims/error-boundary.js?v=0cd40cd0:268:3)
    at BrowserRoot (http://localhost:3000/node_modules/vinext/dist/server/app-browser-entry.js?v=0cd40cd0:209:24) @ http://localhost:3000/node_modules/vinext/dist/server/dev-error-overlay.js?v=0cd40cd0:52
[ 1019932ms] [ERROR] Failed to load resource: the server responded with a status of 500 (Internal Server Error) @ http://localhost:3000/app/components/media/MediaDesk.tsx?t=1785586493116:0
[ 1019933ms] [ERROR] [vite] Failed to reload /app/components/media/MediaDesk.tsx. This could be due to syntax errors or importing non-existent modules. (see errors above) @ http://localhost:3000/@vite/client:904
[ 1020468ms] [ERROR] Failed to load resource: the server responded with a status of 500 (Internal Server Error) @ http://localhost:3000/admin/media.rsc?_rsc:0
[ 1020469ms] [ERROR] [vinext] RSC HMR error: Error: Connection closed.
    at close (http://localhost:3000/node_modules/.vite/deps/react-server-dom-webpack_client__browser.js?v=98b08dd3:2364:36)
    at progress (http://localhost:3000/node_modules/.vite/deps/react-server-dom-webpack_client__browser.js?v=98b08dd3:2437:28) @ http://localhost:3000/node_modules/vinext/dist/server/app-browser-entry.js?v=0cd40cd0:583
[ 1020609ms] [ERROR] Failed to load resource: the server responded with a status of 500 (Internal Server Error) @ http://localhost:3000/admin/media.rsc?_rsc:0
[ 1020610ms] [ERROR] [vinext] RSC HMR error: Error: Connection closed.
    at close (http://localhost:3000/node_modules/.vite/deps/react-server-dom-webpack_client__browser.js?v=98b08dd3:2364:36)
    at progress (http://localhost:3000/node_modules/.vite/deps/react-server-dom-webpack_client__browser.js?v=98b08dd3:2437:28) @ http://localhost:3000/node_modules/vinext/dist/server/app-browser-entry.js?v=0cd40cd0:583
[ 1020642ms] [ERROR] Failed to load resource: the server responded with a status of 500 (Internal Server Error) @ http://localhost:3000/admin/media.rsc?_rsc:0
[ 1020643ms] [ERROR] [vinext] RSC HMR error: Error: Connection closed.
    at close (http://localhost:3000/node_modules/.vite/deps/react-server-dom-webpack_client__browser.js?v=98b08dd3:2364:36)
    at progress (http://localhost:3000/node_modules/.vite/deps/react-server-dom-webpack_client__browser.js?v=98b08dd3:2437:28) @ http://localhost:3000/node_modules/vinext/dist/server/app-browser-entry.js?v=0cd40cd0:583
[ 1020664ms] [ERROR] Failed to load resource: the server responded with a status of 500 (Internal Server Error) @ http://localhost:3000/admin/media.rsc?_rsc:0
[ 1020665ms] [ERROR] [vinext] RSC HMR error: Error: Connection closed.
    at close (http://localhost:3000/node_modules/.vite/deps/react-server-dom-webpack_client__browser.js?v=98b08dd3:2364:36)
    at progress (http://localhost:3000/node_modules/.vite/deps/react-server-dom-webpack_client__browser.js?v=98b08dd3:2437:28) @ http://localhost:3000/node_modules/vinext/dist/server/app-browser-entry.js?v=0cd40cd0:583
[ 1020684ms] [ERROR] Failed to load resource: the server responded with a status of 500 (Internal Server Error) @ http://localhost:3000/admin/media.rsc?_rsc:0
[ 1020685ms] [ERROR] [vinext] RSC HMR error: Error: Connection closed.
    at close (http://localhost:3000/node_modules/.vite/deps/react-server-dom-webpack_client__browser.js?v=98b08dd3:2364:36)
    at progress (http://localhost:3000/node_modules/.vite/deps/react-server-dom-webpack_client__browser.js?v=98b08dd3:2437:28) @ http://localhost:3000/node_modules/vinext/dist/server/app-browser-entry.js?v=0cd40cd0:583
[ 1020696ms] [ERROR] Failed to load resource: the server responded with a status of 500 (Internal Server Error) @ http://localhost:3000/admin/media.rsc?_rsc:0
[ 1020696ms] [ERROR] [vinext] RSC HMR error: Error: Connection closed.
    at close (http://localhost:3000/node_modules/.vite/deps/react-server-dom-webpack_client__browser.js?v=98b08dd3:2364:36)
    at progress (http://localhost:3000/node_modules/.vite/deps/react-server-dom-webpack_client__browser.js?v=98b08dd3:2437:28) @ http://localhost:3000/node_modules/vinext/dist/server/app-browser-entry.js?v=0cd40cd0:583
[ 1020708ms] [ERROR] Failed to load resource: the server responded with a status of 500 (Internal Server Error) @ http://localhost:3000/admin/media.rsc?_rsc:0
[ 1020708ms] [ERROR] [vinext] RSC HMR error: Error: Connection closed.
    at close (http://localhost:3000/node_modules/.vite/deps/react-server-dom-webpack_client__browser.js?v=98b08dd3:2364:36)
    at progress (http://localhost:3000/node_modules/.vite/deps/react-server-dom-webpack_client__browser.js?v=98b08dd3:2437:28) @ http://localhost:3000/node_modules/vinext/dist/server/app-browser-entry.js?v=0cd40cd0:583
[ 1020720ms] [ERROR] Failed to load resource: the server responded with a status of 500 (Internal Server Error) @ http://localhost:3000/admin/media.rsc?_rsc:0
[ 1020720ms] [ERROR] [vinext] RSC HMR error: Error: Connection closed.
    at close (http://localhost:3000/node_modules/.vite/deps/react-server-dom-webpack_client__browser.js?v=98b08dd3:2364:36)
    at progress (http://localhost:3000/node_modules/.vite/deps/react-server-dom-webpack_client__browser.js?v=98b08dd3:2437:28) @ http://localhost:3000/node_modules/vinext/dist/server/app-browser-entry.js?v=0cd40cd0:583
[ 1020731ms] [ERROR] Failed to load resource: the server responded with a status of 500 (Internal Server Error) @ http://localhost:3000/admin/media.rsc?_rsc:0
[ 1020731ms] [ERROR] [vinext] RSC HMR error: Error: Connection closed.
    at close (http://localhost:3000/node_modules/.vite/deps/react-server-dom-webpack_client__browser.js?v=98b08dd3:2364:36)
    at progress (http://localhost:3000/node_modules/.vite/deps/react-server-dom-webpack_client__browser.js?v=98b08dd3:2437:28) @ http://localhost:3000/node_modules/vinext/dist/server/app-browser-entry.js?v=0cd40cd0:583
[ 1020755ms] [ERROR] Failed to load resource: the server responded with a status of 500 (Internal Server Error) @ http://localhost:3000/admin/media.rsc?_rsc:0
[ 1020755ms] [ERROR] [vinext] RSC HMR error: Error: Connection closed.
    at close (http://localhost:3000/node_modules/.vite/deps/react-server-dom-webpack_client__browser.js?v=98b08dd3:2364:36)
    at progress (http://localhost:3000/node_modules/.vite/deps/react-server-dom-webpack_client__browser.js?v=98b08dd3:2437:28) @ http://localhost:3000/node_modules/vinext/dist/server/app-browser-entry.js?v=0cd40cd0:583
[ 1057086ms] [ERROR] Failed to load resource: the server responded with a status of 500 (Internal Server Error) @ http://localhost:3000/admin/media.rsc?_rsc:0
[ 1057088ms] [ERROR] [vinext] RSC HMR error: Error: Connection closed.
    at close (http://localhost:3000/node_modules/.vite/deps/react-server-dom-webpack_client__browser.js?v=98b08dd3:2364:36)
    at progress (http://localhost:3000/node_modules/.vite/deps/react-server-dom-webpack_client__browser.js?v=98b08dd3:2437:28) @ http://localhost:3000/node_modules/vinext/dist/server/app-browser-entry.js?v=0cd40cd0:583
[ 1057120ms] [ERROR] Failed to load resource: the server responded with a status of 500 (Internal Server Error) @ http://localhost:3000/admin/media.rsc?_rsc:0
[ 1057121ms] [ERROR] [vinext] RSC HMR error: Error: Connection closed.
    at close (http://localhost:3000/node_modules/.vite/deps/react-server-dom-webpack_client__browser.js?v=98b08dd3:2364:36)
    at progress (http://localhost:3000/node_modules/.vite/deps/react-server-dom-webpack_client__browser.js?v=98b08dd3:2437:28) @ http://localhost:3000/node_modules/vinext/dist/server/app-browser-entry.js?v=0cd40cd0:583
[ 1093405ms] [ERROR] Failed to load resource: the server responded with a status of 500 (Internal Server Error) @ http://localhost:3000/admin/media.rsc?_rsc:0
[ 1093408ms] [ERROR] [vinext] RSC HMR error: Error: Connection closed.
    at close (http://localhost:3000/node_modules/.vite/deps/react-server-dom-webpack_client__browser.js?v=98b08dd3:2364:36)
    at progress (http://localhost:3000/node_modules/.vite/deps/react-server-dom-webpack_client__browser.js?v=98b08dd3:2437:28) @ http://localhost:3000/node_modules/vinext/dist/server/app-browser-entry.js?v=0cd40cd0:583
[ 1093879ms] [ERROR] Failed to load resource: the server responded with a status of 500 (Internal Server Error) @ http://localhost:3000/admin/media.rsc?_rsc:0
[ 1093879ms] [ERROR] [vinext] RSC HMR error: Error: Connection closed.
    at close (http://localhost:3000/node_modules/.vite/deps/react-server-dom-webpack_client__browser.js?v=98b08dd3:2364:36)
    at progress (http://localhost:3000/node_modules/.vite/deps/react-server-dom-webpack_client__browser.js?v=98b08dd3:2437:28) @ http://localhost:3000/node_modules/vinext/dist/server/app-browser-entry.js?v=0cd40cd0:583
[ 1255486ms] [ERROR] Failed to load resource: the server responded with a status of 500 (Internal Server Error) @ http://localhost:3000/admin/media.rsc?_rsc:0
[ 1255487ms] [ERROR] [vinext] RSC HMR error: Error: Connection closed.
    at close (http://localhost:3000/node_modules/.vite/deps/react-server-dom-webpack_client__browser.js?v=98b08dd3:2364:36)
    at progress (http://localhost:3000/node_modules/.vite/deps/react-server-dom-webpack_client__browser.js?v=98b08dd3:2437:28) @ http://localhost:3000/node_modules/vinext/dist/server/app-browser-entry.js?v=0cd40cd0:583
[ 1292288ms] [ERROR] Failed to load resource: the server responded with a status of 500 (Internal Server Error) @ http://localhost:3000/admin/media.rsc?_rsc:0
[ 1292290ms] [ERROR] [vinext] RSC HMR error: Error: Connection closed.
    at close (http://localhost:3000/node_modules/.vite/deps/react-server-dom-webpack_client__browser.js?v=98b08dd3:2364:36)
    at progress (http://localhost:3000/node_modules/.vite/deps/react-server-dom-webpack_client__browser.js?v=98b08dd3:2437:28) @ http://localhost:3000/node_modules/vinext/dist/server/app-browser-entry.js?v=0cd40cd0:583
